// Vitest Snapshot v1, https://vitest.dev/guide/snapshot.html

exports[`should change avatar shape when using avatarShape prop 1`] = `"<view style=\\"width: 50px; height: 50px; background-color: rgb(238, 238, 238); color: rgb(102, 102, 102);\\" class=\\"cub-avatar cub-avatar-normal cub-avatar-square avatarClass avatarClass--square\\"></view>"`;

exports[`should change avatar size when using avatarSize prop > 20px 1`] = `"20px"`;

exports[`should change avatar size when using avatarSize prop > 20px 2`] = `"20px"`;

exports[`should render default slot 1`] = `
"<view class=\\"cub-skeleton\\">
  <!--v-if-->
  <view class=\\"cub-skeleton-content\\">
    <!--v-if-->
    <view class=\\"cub-skeleton-content__line\\" style=\\"width: 100px;\\">
      <view class=\\"cub-skeleton-blockTitle\\" style=\\"height: 15px;\\"></view>
      <view class=\\"cub-skeleton-blockLine\\" style=\\"height: 15px;\\"></view>
    </view>
  </view>
</view>"
`;
