// Vitest Snapshot v1, https://vitest.dev/guide/snapshot.html

exports[`should render Col correctly and should render gutter correctly 1`] = `
"<view class=\\"cub-row cub-row- cub-row-justify-start cub-row-align-flex-start cub-row-flex-nowrap\\">
  <view class=\\"cub-col cub-col-gutter cub-col-8 cub-col-offset-0\\" style=\\"padding-left: 3px; padding-right: 3px;\\">8</view>
  <view class=\\"cub-col cub-col-gutter cub-col-8 cub-col-offset-0\\" style=\\"padding-left: 3px; padding-right: 3px;\\">8</view>
  <view class=\\"cub-col cub-col-gutter cub-col-8 cub-col-offset-0\\" style=\\"padding-left: 3px; padding-right: 3px;\\">8</view>
</view>"
`;
