// Vitest Snapshot v1, https://vitest.dev/guide/snapshot.html

exports[`should render sure actionsheet when use custom props 1`] = `
"<!--teleport start-->
<transition-stub name=\\"overlay-fade\\" appear=\\"false\\" persisted=\\"true\\" css=\\"true\\">
  <view class=\\"cub-overlay\\" style=\\"transition-duration: 0.3s; z-index: 2000;\\"></view>
</transition-stub>
<transition-stub name=\\"cub-popup-slide-bottom\\" appear=\\"false\\" persisted=\\"true\\" css=\\"true\\">
  <view class=\\"cub-popup round cub-popup--bottom\\" style=\\"z-index: 2000; transition-duration: 0.3s;\\">
    <view class=\\"cub-action-sheet\\">
      <!--v-if-->
      <view>
        <!--v-if-->
        <view class=\\"cub-action-sheet__menu\\">
          <view class=\\"cub-action-sheet__item\\">
            <view>选项一</view>
            <view class=\\"cub-action-sheet__subdesc\\">描述信息</view>
          </view>
        </view>
        <!--v-if-->
      </view>
    </view>
    <!--v-if-->
  </view>
</transition-stub>
<!--teleport end-->"
`;
