// Vitest Snapshot v1, https://vitest.dev/guide/snapshot.html

exports[`Avatar: avatar group render 1`] = `
"<view class=\\"cub-avatar-group\\" style=\\"margin-left: 8px;\\">
  <view style=\\"background-color: rgb(238, 238, 238); color: rgb(102, 102, 102); margin-left: -8px;\\" class=\\"cub-avatar cub-avatar-normal cub-avatar-round\\">1</view>
  <view style=\\"background-color: rgb(238, 238, 238); color: rgb(102, 102, 102); margin-left: -8px;\\" class=\\"cub-avatar cub-avatar-normal cub-avatar-round\\">2</view>
  <view style=\\"background-color: rgb(238, 238, 238); color: rgb(102, 102, 102); margin-left: -8px;\\" class=\\"cub-avatar cub-avatar-normal cub-avatar-round\\">3</view>
  <view style=\\"background-color: rgb(238, 238, 238); color: rgb(102, 102, 102); margin-left: -8px;\\" class=\\"cub-avatar cub-avatar-normal cub-avatar-round\\">4</view>
  <view style=\\"background-color: rgb(238, 238, 238); color: rgb(102, 102, 102); margin-left: -8px;\\" class=\\"cub-avatar cub-avatar-normal cub-avatar-round\\">5</view>
  <view style=\\"background-color: rgb(238, 238, 238); color: rgb(102, 102, 102); margin-left: -8px;\\" class=\\"cub-avatar cub-avatar-normal cub-avatar-round avater-fold\\">99</view>
</view>"
`;

exports[`Avatar: default slot 1`] = `"<view style=\\"background-color: rgb(238, 238, 238); color: rgb(102, 102, 102);\\" class=\\"cub-avatar cub-avatar-normal cub-avatar-round\\"><img src=\\"https://img12.360buyimg.com/imagetools/jfs/t1/196430/38/8105/14329/60c806a4Ed506298a/e6de9fb7b8490f38.png\\"></view>"`;
