// Vitest Snapshot v1, https://vitest.dev/guide/snapshot.html

exports[`Notify > base notify message 1`] = `
"<!--teleport start-->
<!--v-if-->
<transition-stub name=\\"cub-popup-slide-top\\" appear=\\"false\\" persisted=\\"true\\" css=\\"true\\">
  <view class=\\"cub-popup cub-popup--top\\" style=\\"z-index: 2000; transition-duration: 0.3s; display: none;\\">
    <div class=\\"cub-notify cub-notify--danger\\">测试文案</div>
    <!--v-if-->
  </view>
</transition-stub>
<!--teleport end-->"
`;
